// Jest Snapshot v1, https://goo.gl/fbAQLP

exports[`<AuthButton></AuthButton> should match the snapshot 1`] = `"<button class=\\"MuiButtonBase-root MuiButton-root MuiButton-contained makeStyles-submit-5 MuiButton-containedPrimary MuiButton-containedSizeLarge MuiButton-sizeLarge MuiButton-fullWidth\\" tabindex=\\"0\\" type=\\"submit\\"><span class=\\"MuiButton-label\\">Test</span><span class=\\"MuiTouchRipple-root\\"></span></button>"`;

exports[`<AuthCodeField /> should match the snapshot 1`] = `"<div class=\\"MuiFormControl-root MuiTextField-root MuiFormControl-marginNormal MuiFormControl-fullWidth\\"><label class=\\"MuiFormLabel-root MuiInputLabel-root MuiInputLabel-formControl MuiInputLabel-animated MuiInputLabel-outlined Mui-required Mui-required\\" data-shrink=\\"false\\" for=\\"confirmation\\" id=\\"confirmation-label\\">Confirmation Code<span class=\\"MuiFormLabel-asterisk MuiInputLabel-asterisk\\"> *</span></label><div class=\\"MuiInputBase-root MuiOutlinedInput-root MuiInputBase-fullWidth MuiInputBase-formControl\\"><input aria-invalid=\\"false\\" id=\\"confirmation\\" name=\\"confirmation\\" required=\\"\\" type=\\"text\\" class=\\"MuiInputBase-input MuiOutlinedInput-input\\" value=\\"\\"><fieldset aria-hidden=\\"true\\" style=\\"padding-left: 8px;\\" class=\\"PrivateNotchedOutline-root-108 MuiOutlinedInput-notchedOutline\\"><legend class=\\"PrivateNotchedOutline-legend-109\\" style=\\"width: 0.01px;\\"><span>​</span></legend></fieldset></div></div>"`;

exports[`<AuthEmailField /> should match the snapshot 1`] = `"<div class=\\"MuiFormControl-root MuiTextField-root MuiFormControl-marginNormal MuiFormControl-fullWidth\\"><label class=\\"MuiFormLabel-root MuiInputLabel-root MuiInputLabel-formControl MuiInputLabel-animated MuiInputLabel-outlined Mui-required Mui-required\\" data-shrink=\\"false\\" for=\\"email\\" id=\\"email-label\\">Email Address<span class=\\"MuiFormLabel-asterisk MuiInputLabel-asterisk\\"> *</span></label><div class=\\"MuiInputBase-root MuiOutlinedInput-root MuiInputBase-fullWidth MuiInputBase-formControl\\"><input aria-invalid=\\"false\\" autocomplete=\\"email\\" id=\\"email\\" name=\\"email\\" required=\\"\\" type=\\"text\\" class=\\"MuiInputBase-input MuiOutlinedInput-input\\" value=\\"\\"><fieldset aria-hidden=\\"true\\" style=\\"padding-left: 8px;\\" class=\\"PrivateNotchedOutline-root-108 MuiOutlinedInput-notchedOutline\\"><legend class=\\"PrivateNotchedOutline-legend-109\\" style=\\"width: 0.01px;\\"><span>​</span></legend></fieldset></div></div>"`;

exports[`<AuthLayout /> should match the snapshot 1`] = `"<div class=\\"MuiContainer-root MuiContainer-maxWidthXs\\"><div class=\\"makeStyles-paper-3\\"><div class=\\"MuiAvatar-root MuiAvatar-circle makeStyles-avatar-4 MuiAvatar-colorDefault\\"><svg class=\\"MuiSvgIcon-root\\" focusable=\\"false\\" viewBox=\\"0 0 24 24\\" aria-hidden=\\"true\\" role=\\"presentation\\"><g fill=\\"none\\"><path d=\\"M0 0h24v24H0V0z\\"></path><path d=\\"M0 0h24v24H0V0z\\" opacity=\\".87\\"></path></g><path d=\\"M18 8h-1V6c0-2.76-2.24-5-5-5S7 3.24 7 6v2H6c-1.1 0-2 .9-2 2v10c0 1.1.9 2 2 2h12c1.1 0 2-.9 2-2V10c0-1.1-.9-2-2-2zM9 6c0-1.66 1.34-3 3-3s3 1.34 3 3v2H9V6zm9 14H6V10h12v10zm-6-3c1.1 0 2-.9 2-2s-.9-2-2-2-2 .9-2 2 .9 2 2 2z\\"></path></svg></div><h1 class=\\"MuiTypography-root MuiTypography-h5\\"></h1></div></div>"`;

exports[`<AuthPasswordField /> should match the snapshot 1`] = `"<div class=\\"MuiFormControl-root makeStyles-textfield-2 MuiFormControl-fullWidth\\"><label class=\\"MuiFormLabel-root MuiInputLabel-root MuiInputLabel-formControl MuiInputLabel-animated MuiInputLabel-outlined Mui-required Mui-required\\" data-shrink=\\"false\\" for=\\"outlined-adornment-password\\">Password<span class=\\"MuiFormLabel-asterisk MuiInputLabel-asterisk\\"> *</span></label><div class=\\"MuiInputBase-root MuiOutlinedInput-root MuiInputBase-formControl MuiInputBase-adornedEnd MuiOutlinedInput-adornedEnd\\" required=\\"\\"><input aria-invalid=\\"false\\" id=\\"outlined-adornment-password\\" required=\\"\\" type=\\"password\\" class=\\"MuiInputBase-input MuiOutlinedInput-input MuiInputBase-inputAdornedEnd MuiOutlinedInput-inputAdornedEnd\\" value=\\"\\"><div class=\\"MuiInputAdornment-root MuiInputAdornment-positionEnd\\"><button class=\\"MuiButtonBase-root MuiIconButton-root\\" tabindex=\\"0\\" type=\\"button\\" aria-label=\\"toggle password visibility\\"><span class=\\"MuiIconButton-label\\"><svg class=\\"MuiSvgIcon-root\\" focusable=\\"false\\" viewBox=\\"0 0 24 24\\" aria-hidden=\\"true\\" role=\\"presentation\\"><path fill=\\"none\\" d=\\"m0 0h24v24H0z\\"></path><path d=\\"M12 7c2.76 0 5 2.24 5 5 0 .65-.13 1.26-.36 1.83l2.92 2.92c1.51-1.26 2.7-2.89 3.43-4.75-1.73-4.39-6-7.5-11-7.5-1.4 0-2.74.25-3.98.7l2.16 2.16C10.74 7.13 11.35 7 12 7zM2 4.27l2.28 2.28.46.46C3.08 8.3 1.78 10.02 1 12c1.73 4.39 6 7.5 11 7.5 1.55 0 3.03-.3 4.38-.84l.42.42L19.73 22 21 20.73 3.27 3 2 4.27zM7.53 9.8l1.55 1.55c-.05.21-.08.43-.08.65 0 1.66 1.34 3 3 3 .22 0 .44-.03.65-.08l1.55 1.55c-.67.33-1.41.53-2.2.53-2.76 0-5-2.24-5-5 0-.79.2-1.53.53-2.2zm4.31-.78l3.15 3.15.02-.16c0-1.66-1.34-3-3-3l-.17.01z\\"></path></svg></span><span class=\\"MuiTouchRipple-root\\"></span></button></div><fieldset aria-hidden=\\"true\\" style=\\"padding-left: 42px;\\" class=\\"PrivateNotchedOutline-root-108 MuiOutlinedInput-notchedOutline\\"><legend class=\\"PrivateNotchedOutline-legend-109\\" style=\\"width: 0.01px;\\"><span>​</span></legend></fieldset></div></div>"`;

exports[`<ConfirmSignUp /> should match the snapshot 1`] = `""`;

exports[`<ConfirmSignUpEmail /> should match the snapshot 1`] = `""`;

exports[`<ResetPassword /> should match the snapshot 1`] = `""`;

exports[`<SignIn /> should match the snapshot 1`] = `""`;

exports[`<SignUp /> should match the snapshot 1`] = `""`;
